<html>
  <head>
    <title>General Kenobi's security cam</title>
  </head>
  <body>
    <h1>Hello there, again!</h1>
    <p>You don't expect movement here!</p>
    <img src="{{ url_for('video_feed') }}">
    <form action="/no_mov_exp" method="POST">
      <input type="submit" value="Expect movement">
    </form>
  </body>
</html>